// Jest Snapshot v1, https://goo.gl/fbAQLP

exports[`FilterDrawer Rendering should render correctly with all props 1`] = `
<Modal
  animationType="slide"
  onRequestClose={[MockFunction]}
  presentationStyle="pageSheet"
  ref={null}
  visible={true}
>
  <View
    ref={null}
    style={
      {
        "backgroundColor": "#F8F8FF",
        "flex": 1,
      }
    }
  >
    <View
      ref={null}
      style={
        {
          "alignItems": "center",
          "borderBottomColor": "#E5E5E7",
          "borderBottomWidth": 1,
          "flexDirection": "row",
          "justifyContent": "space-between",
          "paddingHorizontal": 20,
          "paddingVertical": 16,
        }
      }
    >
      <TouchableOpacity
        onPress={[MockFunction]}
        ref={null}
        style={
          {
            "padding": 4,
          }
        }
      >
        <X
          color="#2D1B69"
          size={24}
        />
      </TouchableOpacity>
      <Text
        ref={null}
        style={
          {
            "color": "#2D1B69",
            "fontSize": 20,
            "fontWeight": "bold",
          }
        }
      >
        Filter Recipes
      </Text>
      <TouchableOpacity
        onPress={[Function]}
        ref={null}
      >
        <Text
          ref={null}
          style={
            {
              "color": "#FF6B35",
              "fontSize": 16,
              "fontWeight": "600",
            }
          }
        >
          Clear All
        </Text>
      </TouchableOpacity>
    </View>
    <ScrollView
      ref={null}
      showsVerticalScrollIndicator={false}
      style={
        {
          "flex": 1,
          "paddingHorizontal": 20,
        }
      }
    >
      <View
        ref={null}
        style={
          {
            "marginVertical": 20,
          }
        }
      >
        <Text
          ref={null}
          style={
            {
              "color": "#2D1B69",
              "fontSize": 18,
              "fontWeight": "600",
              "marginBottom": 12,
            }
          }
        >
          Dietary Restrictions
        </Text>
        <View
          ref={null}
          style={
            {
              "flexDirection": "row",
              "flexWrap": "wrap",
              "gap": 8,
            }
          }
        >
          <TouchableOpacity
            onPress={[Function]}
            ref={null}
            style={
              [
                {
                  "backgroundColor": "#FFFFFF",
                  "borderColor": "#E5E5E7",
                  "borderRadius": 20,
                  "borderWidth": 2,
                  "marginBottom": 8,
                  "paddingHorizontal": 16,
                  "paddingVertical": 8,
                },
                false,
              ]
            }
          >
            <Text
              ref={null}
              style={
                [
                  {
                    "color": "#2D1B69",
                    "fontSize": 14,
                    "fontWeight": "500",
                  },
                  false,
                ]
              }
            >
              Vegetarian
            </Text>
          </TouchableOpacity>
          <TouchableOpacity
            onPress={[Function]}
            ref={null}
            style={
              [
                {
                  "backgroundColor": "#FFFFFF",
                  "borderColor": "#E5E5E7",
                  "borderRadius": 20,
                  "borderWidth": 2,
                  "marginBottom": 8,
                  "paddingHorizontal": 16,
                  "paddingVertical": 8,
                },
                false,
              ]
            }
          >
            <Text
              ref={null}
              style={
                [
                  {
                    "color": "#2D1B69",
                    "fontSize": 14,
                    "fontWeight": "500",
                  },
                  false,
                ]
              }
            >
              Vegan
            </Text>
          </TouchableOpacity>
          <TouchableOpacity
            onPress={[Function]}
            ref={null}
            style={
              [
                {
                  "backgroundColor": "#FFFFFF",
                  "borderColor": "#E5E5E7",
                  "borderRadius": 20,
                  "borderWidth": 2,
                  "marginBottom": 8,
                  "paddingHorizontal": 16,
                  "paddingVertical": 8,
                },
                false,
              ]
            }
          >
            <Text
              ref={null}
              style={
                [
                  {
                    "color": "#2D1B69",
                    "fontSize": 14,
                    "fontWeight": "500",
                  },
                  false,
                ]
              }
            >
              Gluten-Free
            </Text>
          </TouchableOpacity>
          <TouchableOpacity
            onPress={[Function]}
            ref={null}
            style={
              [
                {
                  "backgroundColor": "#FFFFFF",
                  "borderColor": "#E5E5E7",
                  "borderRadius": 20,
                  "borderWidth": 2,
                  "marginBottom": 8,
                  "paddingHorizontal": 16,
                  "paddingVertical": 8,
                },
                false,
              ]
            }
          >
            <Text
              ref={null}
              style={
                [
                  {
                    "color": "#2D1B69",
                    "fontSize": 14,
                    "fontWeight": "500",
                  },
                  false,
                ]
              }
            >
              Dairy-Free
            </Text>
          </TouchableOpacity>
          <TouchableOpacity
            onPress={[Function]}
            ref={null}
            style={
              [
                {
                  "backgroundColor": "#FFFFFF",
                  "borderColor": "#E5E5E7",
                  "borderRadius": 20,
                  "borderWidth": 2,
                  "marginBottom": 8,
                  "paddingHorizontal": 16,
                  "paddingVertical": 8,
                },
                false,
              ]
            }
          >
            <Text
              ref={null}
              style={
                [
                  {
                    "color": "#2D1B69",
                    "fontSize": 14,
                    "fontWeight": "500",
                  },
                  false,
                ]
              }
            >
              Keto
            </Text>
          </TouchableOpacity>
          <TouchableOpacity
            onPress={[Function]}
            ref={null}
            style={
              [
                {
                  "backgroundColor": "#FFFFFF",
                  "borderColor": "#E5E5E7",
                  "borderRadius": 20,
                  "borderWidth": 2,
                  "marginBottom": 8,
                  "paddingHorizontal": 16,
                  "paddingVertical": 8,
                },
                false,
              ]
            }
          >
            <Text
              ref={null}
              style={
                [
                  {
                    "color": "#2D1B69",
                    "fontSize": 14,
                    "fontWeight": "500",
                  },
                  false,
                ]
              }
            >
              Paleo
            </Text>
          </TouchableOpacity>
          <TouchableOpacity
            onPress={[Function]}
            ref={null}
            style={
              [
                {
                  "backgroundColor": "#FFFFFF",
                  "borderColor": "#E5E5E7",
                  "borderRadius": 20,
                  "borderWidth": 2,
                  "marginBottom": 8,
                  "paddingHorizontal": 16,
                  "paddingVertical": 8,
                },
                false,
              ]
            }
          >
            <Text
              ref={null}
              style={
                [
                  {
                    "color": "#2D1B69",
                    "fontSize": 14,
                    "fontWeight": "500",
                  },
                  false,
                ]
              }
            >
              Low-Carb
            </Text>
          </TouchableOpacity>
          <TouchableOpacity
            onPress={[Function]}
            ref={null}
            style={
              [
                {
                  "backgroundColor": "#FFFFFF",
                  "borderColor": "#E5E5E7",
                  "borderRadius": 20,
                  "borderWidth": 2,
                  "marginBottom": 8,
                  "paddingHorizontal": 16,
                  "paddingVertical": 8,
                },
                false,
              ]
            }
          >
            <Text
              ref={null}
              style={
                [
                  {
                    "color": "#2D1B69",
                    "fontSize": 14,
                    "fontWeight": "500",
                  },
                  false,
                ]
              }
            >
              High-Protein
            </Text>
          </TouchableOpacity>
        </View>
      </View>
      <View
        ref={null}
        style={
          {
            "marginVertical": 20,
          }
        }
      >
        <Text
          ref={null}
          style={
            {
              "color": "#2D1B69",
              "fontSize": 18,
              "fontWeight": "600",
              "marginBottom": 12,
            }
          }
        >
          Cuisine Type
        </Text>
        <View
          ref={null}
          style={
            {
              "flexDirection": "row",
              "flexWrap": "wrap",
              "gap": 8,
            }
          }
        >
          <TouchableOpacity
            onPress={[Function]}
            ref={null}
            style={
              [
                {
                  "backgroundColor": "#FFFFFF",
                  "borderColor": "#E5E5E7",
                  "borderRadius": 20,
                  "borderWidth": 2,
                  "marginBottom": 8,
                  "paddingHorizontal": 16,
                  "paddingVertical": 8,
                },
                false,
              ]
            }
          >
            <Text
              ref={null}
              style={
                [
                  {
                    "color": "#2D1B69",
                    "fontSize": 14,
                    "fontWeight": "500",
                  },
                  false,
                ]
              }
            >
              Italian
            </Text>
          </TouchableOpacity>
          <TouchableOpacity
            onPress={[Function]}
            ref={null}
            style={
              [
                {
                  "backgroundColor": "#FFFFFF",
                  "borderColor": "#E5E5E7",
                  "borderRadius": 20,
                  "borderWidth": 2,
                  "marginBottom": 8,
                  "paddingHorizontal": 16,
                  "paddingVertical": 8,
                },
                false,
              ]
            }
          >
            <Text
              ref={null}
              style={
                [
                  {
                    "color": "#2D1B69",
                    "fontSize": 14,
                    "fontWeight": "500",
                  },
                  false,
                ]
              }
            >
              Mexican
            </Text>
          </TouchableOpacity>
          <TouchableOpacity
            onPress={[Function]}
            ref={null}
            style={
              [
                {
                  "backgroundColor": "#FFFFFF",
                  "borderColor": "#E5E5E7",
                  "borderRadius": 20,
                  "borderWidth": 2,
                  "marginBottom": 8,
                  "paddingHorizontal": 16,
                  "paddingVertical": 8,
                },
                false,
              ]
            }
          >
            <Text
              ref={null}
              style={
                [
                  {
                    "color": "#2D1B69",
                    "fontSize": 14,
                    "fontWeight": "500",
                  },
                  false,
                ]
              }
            >
              Asian
            </Text>
          </TouchableOpacity>
          <TouchableOpacity
            onPress={[Function]}
            ref={null}
            style={
              [
                {
                  "backgroundColor": "#FFFFFF",
                  "borderColor": "#E5E5E7",
                  "borderRadius": 20,
                  "borderWidth": 2,
                  "marginBottom": 8,
                  "paddingHorizontal": 16,
                  "paddingVertical": 8,
                },
                false,
              ]
            }
          >
            <Text
              ref={null}
              style={
                [
                  {
                    "color": "#2D1B69",
                    "fontSize": 14,
                    "fontWeight": "500",
                  },
                  false,
                ]
              }
            >
              Indian
            </Text>
          </TouchableOpacity>
          <TouchableOpacity
            onPress={[Function]}
            ref={null}
            style={
              [
                {
                  "backgroundColor": "#FFFFFF",
                  "borderColor": "#E5E5E7",
                  "borderRadius": 20,
                  "borderWidth": 2,
                  "marginBottom": 8,
                  "paddingHorizontal": 16,
                  "paddingVertical": 8,
                },
                false,
              ]
            }
          >
            <Text
              ref={null}
              style={
                [
                  {
                    "color": "#2D1B69",
                    "fontSize": 14,
                    "fontWeight": "500",
                  },
                  false,
                ]
              }
            >
              Mediterranean
            </Text>
          </TouchableOpacity>
          <TouchableOpacity
            onPress={[Function]}
            ref={null}
            style={
              [
                {
                  "backgroundColor": "#FFFFFF",
                  "borderColor": "#E5E5E7",
                  "borderRadius": 20,
                  "borderWidth": 2,
                  "marginBottom": 8,
                  "paddingHorizontal": 16,
                  "paddingVertical": 8,
                },
                false,
              ]
            }
          >
            <Text
              ref={null}
              style={
                [
                  {
                    "color": "#2D1B69",
                    "fontSize": 14,
                    "fontWeight": "500",
                  },
                  false,
                ]
              }
            >
              American
            </Text>
          </TouchableOpacity>
          <TouchableOpacity
            onPress={[Function]}
            ref={null}
            style={
              [
                {
                  "backgroundColor": "#FFFFFF",
                  "borderColor": "#E5E5E7",
                  "borderRadius": 20,
                  "borderWidth": 2,
                  "marginBottom": 8,
                  "paddingHorizontal": 16,
                  "paddingVertical": 8,
                },
                false,
              ]
            }
          >
            <Text
              ref={null}
              style={
                [
                  {
                    "color": "#2D1B69",
                    "fontSize": 14,
                    "fontWeight": "500",
                  },
                  false,
                ]
              }
            >
              French
            </Text>
          </TouchableOpacity>
          <TouchableOpacity
            onPress={[Function]}
            ref={null}
            style={
              [
                {
                  "backgroundColor": "#FFFFFF",
                  "borderColor": "#E5E5E7",
                  "borderRadius": 20,
                  "borderWidth": 2,
                  "marginBottom": 8,
                  "paddingHorizontal": 16,
                  "paddingVertical": 8,
                },
                false,
              ]
            }
          >
            <Text
              ref={null}
              style={
                [
                  {
                    "color": "#2D1B69",
                    "fontSize": 14,
                    "fontWeight": "500",
                  },
                  false,
                ]
              }
            >
              Thai
            </Text>
          </TouchableOpacity>
          <TouchableOpacity
            onPress={[Function]}
            ref={null}
            style={
              [
                {
                  "backgroundColor": "#FFFFFF",
                  "borderColor": "#E5E5E7",
                  "borderRadius": 20,
                  "borderWidth": 2,
                  "marginBottom": 8,
                  "paddingHorizontal": 16,
                  "paddingVertical": 8,
                },
                false,
              ]
            }
          >
            <Text
              ref={null}
              style={
                [
                  {
                    "color": "#2D1B69",
                    "fontSize": 14,
                    "fontWeight": "500",
                  },
                  false,
                ]
              }
            >
              Chinese
            </Text>
          </TouchableOpacity>
          <TouchableOpacity
            onPress={[Function]}
            ref={null}
            style={
              [
                {
                  "backgroundColor": "#FFFFFF",
                  "borderColor": "#E5E5E7",
                  "borderRadius": 20,
                  "borderWidth": 2,
                  "marginBottom": 8,
                  "paddingHorizontal": 16,
                  "paddingVertical": 8,
                },
                false,
              ]
            }
          >
            <Text
              ref={null}
              style={
                [
                  {
                    "color": "#2D1B69",
                    "fontSize": 14,
                    "fontWeight": "500",
                  },
                  false,
                ]
              }
            >
              Japanese
            </Text>
          </TouchableOpacity>
        </View>
      </View>
      <View
        ref={null}
        style={
          {
            "marginVertical": 20,
          }
        }
      >
        <Text
          ref={null}
          style={
            {
              "color": "#2D1B69",
              "fontSize": 18,
              "fontWeight": "600",
              "marginBottom": 12,
            }
          }
        >
          Cooking Time
        </Text>
        <View
          ref={null}
          style={
            {
              "flexDirection": "row",
              "flexWrap": "wrap",
              "gap": 8,
            }
          }
        >
          <TouchableOpacity
            onPress={[Function]}
            ref={null}
            style={
              [
                {
                  "backgroundColor": "#FFFFFF",
                  "borderColor": "#E5E5E7",
                  "borderRadius": 20,
                  "borderWidth": 2,
                  "marginBottom": 8,
                  "paddingHorizontal": 16,
                  "paddingVertical": 8,
                },
                false,
              ]
            }
          >
            <Text
              ref={null}
              style={
                [
                  {
                    "color": "#2D1B69",
                    "fontSize": 14,
                    "fontWeight": "500",
                  },
                  false,
                ]
              }
            >
              Under 15 min
            </Text>
          </TouchableOpacity>
          <TouchableOpacity
            onPress={[Function]}
            ref={null}
            style={
              [
                {
                  "backgroundColor": "#FFFFFF",
                  "borderColor": "#E5E5E7",
                  "borderRadius": 20,
                  "borderWidth": 2,
                  "marginBottom": 8,
                  "paddingHorizontal": 16,
                  "paddingVertical": 8,
                },
                false,
              ]
            }
          >
            <Text
              ref={null}
              style={
                [
                  {
                    "color": "#2D1B69",
                    "fontSize": 14,
                    "fontWeight": "500",
                  },
                  false,
                ]
              }
            >
              15-30 min
            </Text>
          </TouchableOpacity>
          <TouchableOpacity
            onPress={[Function]}
            ref={null}
            style={
              [
                {
                  "backgroundColor": "#FFFFFF",
                  "borderColor": "#E5E5E7",
                  "borderRadius": 20,
                  "borderWidth": 2,
                  "marginBottom": 8,
                  "paddingHorizontal": 16,
                  "paddingVertical": 8,
                },
                false,
              ]
            }
          >
            <Text
              ref={null}
              style={
                [
                  {
                    "color": "#2D1B69",
                    "fontSize": 14,
                    "fontWeight": "500",
                  },
                  false,
                ]
              }
            >
              30-60 min
            </Text>
          </TouchableOpacity>
          <TouchableOpacity
            onPress={[Function]}
            ref={null}
            style={
              [
                {
                  "backgroundColor": "#FFFFFF",
                  "borderColor": "#E5E5E7",
                  "borderRadius": 20,
                  "borderWidth": 2,
                  "marginBottom": 8,
                  "paddingHorizontal": 16,
                  "paddingVertical": 8,
                },
                false,
              ]
            }
          >
            <Text
              ref={null}
              style={
                [
                  {
                    "color": "#2D1B69",
                    "fontSize": 14,
                    "fontWeight": "500",
                  },
                  false,
                ]
              }
            >
              Over 1 hour
            </Text>
          </TouchableOpacity>
        </View>
      </View>
      <View
        ref={null}
        style={
          {
            "marginVertical": 20,
          }
        }
      >
        <Text
          ref={null}
          style={
            {
              "color": "#2D1B69",
              "fontSize": 18,
              "fontWeight": "600",
              "marginBottom": 12,
            }
          }
        >
          Difficulty
        </Text>
        <View
          ref={null}
          style={
            {
              "flexDirection": "row",
              "flexWrap": "wrap",
              "gap": 8,
            }
          }
        >
          <TouchableOpacity
            onPress={[Function]}
            ref={null}
            style={
              [
                {
                  "backgroundColor": "#FFFFFF",
                  "borderColor": "#E5E5E7",
                  "borderRadius": 20,
                  "borderWidth": 2,
                  "marginBottom": 8,
                  "paddingHorizontal": 16,
                  "paddingVertical": 8,
                },
                false,
              ]
            }
          >
            <Text
              ref={null}
              style={
                [
                  {
                    "color": "#2D1B69",
                    "fontSize": 14,
                    "fontWeight": "500",
                  },
                  false,
                ]
              }
            >
              Easy
            </Text>
          </TouchableOpacity>
          <TouchableOpacity
            onPress={[Function]}
            ref={null}
            style={
              [
                {
                  "backgroundColor": "#FFFFFF",
                  "borderColor": "#E5E5E7",
                  "borderRadius": 20,
                  "borderWidth": 2,
                  "marginBottom": 8,
                  "paddingHorizontal": 16,
                  "paddingVertical": 8,
                },
                false,
              ]
            }
          >
            <Text
              ref={null}
              style={
                [
                  {
                    "color": "#2D1B69",
                    "fontSize": 14,
                    "fontWeight": "500",
                  },
                  false,
                ]
              }
            >
              Medium
            </Text>
          </TouchableOpacity>
          <TouchableOpacity
            onPress={[Function]}
            ref={null}
            style={
              [
                {
                  "backgroundColor": "#FFFFFF",
                  "borderColor": "#E5E5E7",
                  "borderRadius": 20,
                  "borderWidth": 2,
                  "marginBottom": 8,
                  "paddingHorizontal": 16,
                  "paddingVertical": 8,
                },
                false,
              ]
            }
          >
            <Text
              ref={null}
              style={
                [
                  {
                    "color": "#2D1B69",
                    "fontSize": 14,
                    "fontWeight": "500",
                  },
                  false,
                ]
              }
            >
              Hard
            </Text>
          </TouchableOpacity>
        </View>
      </View>
    </ScrollView>
    <View
      ref={null}
      style={
        {
          "borderTopColor": "#E5E5E7",
          "borderTopWidth": 1,
          "paddingHorizontal": 20,
          "paddingVertical": 20,
        }
      }
    >
      <TouchableOpacity
        onPress={[Function]}
        ref={null}
        style={
          {
            "alignItems": "center",
            "backgroundColor": "#FF6B35",
            "borderRadius": 12,
            "elevation": 5,
            "flexDirection": "row",
            "justifyContent": "center",
            "paddingVertical": 16,
            "shadowColor": "#000",
            "shadowOffset": {
              "height": 2,
              "width": 0,
            },
            "shadowOpacity": 0.25,
            "shadowRadius": 3.84,
          }
        }
      >
        <Filter
          color="#F8F8FF"
          size={20}
        />
        <Text
          ref={null}
          style={
            {
              "color": "#F8F8FF",
              "fontSize": 16,
              "fontWeight": "600",
              "marginLeft": 8,
            }
          }
        >
          Apply Filters
           
        </Text>
      </TouchableOpacity>
    </View>
  </View>
</Modal>
`;
